// Jest Snapshot v1, https://goo.gl/fbAQLP

exports[`Page Layouts should render Page layouts 1`] = `
<div>
  Content
  <div>
    loading.....
  </div>
</div>
`;
