// Jest Snapshot v1, https://goo.gl/fbAQLP

exports[`Page Not Found Page Not Found matches DOM Snapshot 1`] = `
<div>
  <div
    class="MuiBox-root css-wg3j4w"
  >
    <h1>
      Page Not Found
    </h1>
    <p
      class="zoom-area"
    >
      <b>
        Oops!
      </b>
       Something is wrong.
    </p>
    <section
      class="error-container"
    >
      <span
        class="four"
      >
        <span
          class="screen-reader-text"
        >
          4
        </span>
      </span>
      <span
        class="zero"
      >
        <span
          class="screen-reader-text"
        >
          0
        </span>
      </span>
      <span
        class="four"
      >
        <span
          class="screen-reader-text"
        >
          4
        </span>
      </span>
    </section>
    <div
      class="link-container"
    >
      <a
        href="/"
      >
        Go HomePage
      </a>
    </div>
  </div>
</div>
`;
