// Jest Snapshot v1, https://goo.gl/fbAQLP

exports[`Logo Component Should show match Logo DOM Snapshot 1`] = `
<div>
  <article
    class="MuiBox-root css-zelrb1"
  >
    <figure
      class="MuiBox-root css-1defjo5"
    >
      <img
        alt="CSS"
        data-nimg="1"
        decoding="async"
        height="500"
        loading="lazy"
        src="/_next/image?url=https%3A%2F%2Fcdn.pixabay.com%2Fphoto%2F2015%2F04%2F23%2F22%2F00%2Ftree-736885_960_720.jpg&w=3840&q=75"
        srcset="/_next/image?url=https%3A%2F%2Fcdn.pixabay.com%2Fphoto%2F2015%2F04%2F23%2F22%2F00%2Ftree-736885_960_720.jpg&w=1920&q=75 1x, /_next/image?url=https%3A%2F%2Fcdn.pixabay.com%2Fphoto%2F2015%2F04%2F23%2F22%2F00%2Ftree-736885_960_720.jpg&w=3840&q=75 2x"
        style="color: transparent; max-width: 100%; max-height: 60%;"
        width="1280"
      />
      <div
        class="MuiBox-root css-4cbsy1"
      >
        <h2
          class="MuiTypography-root MuiTypography-h2 css-1r4hp4x-MuiTypography-root"
        >
          <a
            href="/"
          >
            CSS
          </a>
        </h2>
        <div
          class="MuiBox-root css-0"
        >
          <div
            class="MuiBox-root css-h0kv6j"
          >
            <p>
              Chào mừng bạn đến với blog số 5 của series “Linux dành cho lập trình viên”. Trong các blog trước, mình đã đi qua các nội dung về: – “Giới thiệu về Linux” – “Làm quen câu lệnh và hệ thống tập tin…

            </p>
          </div>
          <p
            class="MuiTypography-root MuiTypography-body1 css-r6opal-MuiTypography-root"
          >
            300 views
             
          </p>
          <p
            class="MuiTypography-root MuiTypography-body1 css-1ngiwr2-MuiTypography-root"
          >
            <a
              href="/"
            >
              CONTINUE READING...
            </a>
          </p>
        </div>
      </div>
    </figure>
  </article>
</div>
`;
