// Jest Snapshot v1, https://goo.gl/fbAQLP

exports[`Navigation Component Should show match Navigation DOM Snapshot  1`] = `
<div>
  <div
    class="MuiBox-root css-7w1jqr"
  >
    <ul
      class="MuiList-root MuiList-padding css-1mq3yj5-MuiList-root"
    >
      <li
        class="MuiListItem-root MuiListItem-gutters MuiListItem-padding css-1rk1jkp-MuiListItem-root"
      >
        <a
          href="/"
        >
          Home
        </a>
      </li>
      <li
        class="MuiListItem-root MuiListItem-gutters MuiListItem-padding css-1rk1jkp-MuiListItem-root"
      >
        <a
          href="/most-view"
        >
          Most View
        </a>
      </li>
      <li
        class="MuiListItem-root MuiListItem-gutters MuiListItem-padding css-1rk1jkp-MuiListItem-root"
      >
        <a
          href="/blog"
        >
          Blog
        </a>
      </li>
      <li
        class="MuiListItem-root MuiListItem-gutters MuiListItem-padding css-1rk1jkp-MuiListItem-root"
      >
        <a
          href="/about"
        >
          About
        </a>
      </li>
    </ul>
    <button
      class="MuiButtonBase-root MuiButton-root MuiButton-text MuiButton-textPrimary MuiButton-sizeMedium MuiButton-textSizeMedium MuiButton-root MuiButton-text MuiButton-textPrimary MuiButton-sizeMedium MuiButton-textSizeMedium css-15on3wz-MuiButtonBase-root-MuiButton-root"
      tabindex="0"
      type="button"
    >
      <svg
        aria-hidden="true"
        class="MuiSvgIcon-root MuiSvgIcon-fontSizeMedium css-1unfims-MuiSvgIcon-root"
        focusable="false"
        viewBox="0 0 24 24"
      >
        <svg
          aria-hidden="true"
          class="MuiSvgIcon-root MuiSvgIcon-fontSizeMedium css-i4bv87-MuiSvgIcon-root"
          data-testid="SearchIcon"
          focusable="false"
          viewBox="0 0 24 24"
        >
          <path
            d="M15.5 14h-.79l-.28-.27C15.41 12.59 16 11.11 16 9.5 16 5.91 13.09 3 9.5 3S3 5.91 3 9.5 5.91 16 9.5 16c1.61 0 3.09-.59 4.23-1.57l.27.28v.79l5 4.99L20.49 19l-4.99-5zm-6 0C7.01 14 5 11.99 5 9.5S7.01 5 9.5 5 14 7.01 14 9.5 11.99 14 9.5 14z"
          />
        </svg>
      </svg>
      <span
        class="MuiTouchRipple-root css-8je8zh-MuiTouchRipple-root"
      />
    </button>
  </div>
  <div>
    loading.....
  </div>
</div>
`;
